// Jest Snapshot v1, https://goo.gl/fbAQLP

exports[`CustomAvatarCatalog matches snapshot for a default avatar 1`] = `
<View
  style={[]}
  testID=""
>
  <svg
    data-file-name="SvgDefaultAvatar_1"
    height={20}
    width={20}
  />
</View>
`;
