// Jest Snapshot v1, https://goo.gl/fbAQLP

exports[`getInitialAvatarSvg matches snapshot for a letter avatar 1`] = `
<View
  style={[]}
  testID=""
>
  <svg
    data-file-name="SvgDefaultAvatar_j"
    height={20}
    width={20}
  />
</View>
`;
