// Jest Snapshot v1, https://goo.gl/fbAQLP

exports[`LoadingComponent should render loading screen first 1`] = `
<View
  style={
    Object {
      "backgroundColor": "#37444C",
      "height": "100%",
    }
  }
/>
`;
