// Jest Snapshot v1, https://goo.gl/fbAQLP

exports[`SampleComponent should render 1`] = `null`;
